{
  "execution_control_version": "abd_eval300_continuation_v1",
  "continuation_id": "abd_eval300_remaining_897_v1",
  "executed_this_invocation": 897,
  "skipped_non_replay_in_remaining_scope": 0,
  "stop_reason": "scope_completed",
  "terminal_count": 900,
  "pending_task_ids": [],
  "financials": {
    "new_request_count": 897,
    "total_request_count": 900,
    "spent_usd": "22.1582240000000000362",
    "unresolved_reservations_usd": "0",
    "spent_plus_unresolved_usd": "22.1582240000000000362"
  },
  "reconciliation": {
    "terminal": 3,
    "pending_review": 0,
    "recovered_response": 0,
    "never_started": 897
  },
  "next_execution_index": null
}
